c:\users\edgar hernández\onedrive - unir\escritorio\aqui\aa2_1\00_edgardhernandezyuminmartinez_aa2_1\00_edgardhernandezyuminmartinez_aa2_1\x64\debug\vc143.pdb
c:\users\edgar hernández\onedrive - unir\escritorio\aqui\aa2_1\00_edgardhernandezyuminmartinez_aa2_1\00_edgardhernandezyuminmartinez_aa2_1\x64\debug\vc143.idb
c:\users\edgar hernández\onedrive - unir\escritorio\aqui\aa2_1\00_edgardhernandezyuminmartinez_aa2_1\00_edgardhernandezyuminmartinez_aa2_1\x64\debug\player.obj
c:\users\edgar hernández\onedrive - unir\escritorio\aqui\aa2_1\00_edgardhernandezyuminmartinez_aa2_1\00_edgardhernandezyuminmartinez_aa2_1\x64\debug\npc.obj
c:\users\edgar hernández\onedrive - unir\escritorio\aqui\aa2_1\00_edgardhernandezyuminmartinez_aa2_1\00_edgardhernandezyuminmartinez_aa2_1\x64\debug\map.obj
c:\users\edgar hernández\onedrive - unir\escritorio\aqui\aa2_1\00_edgardhernandezyuminmartinez_aa2_1\00_edgardhernandezyuminmartinez_aa2_1\x64\debug\main.obj
c:\users\edgar hernández\onedrive - unir\escritorio\aqui\aa2_1\00_edgardhernandezyuminmartinez_aa2_1\00_edgardhernandezyuminmartinez_aa2_1\x64\debug\game.obj
c:\users\edgar hernández\onedrive - unir\escritorio\aqui\aa2_1\00_edgardhernandezyuminmartinez_aa2_1\00_edgardhernandezyuminmartinez_aa2_1\x64\debug\car.obj
c:\users\edgar hernández\onedrive - unir\escritorio\aqui\aa2_1\00_edgardhernandezyuminmartinez_aa2_1\00_edgardhernandezyuminmartinez_aa2_1\x64\debug\fileread.obj
c:\users\edgar hernández\onedrive - unir\escritorio\aqui\aa2_1\00_edgardhernandezyuminmartinez_aa2_1\x64\debug\00_edgardhernandezyuminmartinez_aa2_1.exe
c:\users\edgar hernández\onedrive - unir\escritorio\aqui\aa2_1\00_edgardhernandezyuminmartinez_aa2_1\x64\debug\00_edgardhernandezyuminmartinez_aa2_1.pdb
c:\users\usuario\desktop\projecte\aa2_1\00_edgardhernandezyuminmartinez_aa2_1\00_edgardhernandezyuminmartinez_aa2_1\x64\debug\00_edgardhernandezyuminmartinez_aa2_1.ilk
c:\users\edgar hernández\onedrive - unir\escritorio\aqui\aa2_1\00_edgardhernandezyuminmartinez_aa2_1\00_edgardhernandezyuminmartinez_aa2_1\x64\debug\game.obj.enc
c:\users\edgar hernández\onedrive - unir\escritorio\aqui\aa2_1\00_edgardhernandezyuminmartinez_aa2_1\00_edgardhernandezyuminmartinez_aa2_1\x64\debug\main.obj.enc
c:\users\edgar hernández\onedrive - unir\escritorio\aqui\aa2_1\00_edgardhernandezyuminmartinez_aa2_1\00_edgardhernandezyuminmartinez_aa2_1\x64\debug\player.obj.enc
c:\users\edgar hernández\onedrive - unir\escritorio\aqui\aa2_1\00_edgardhernandezyuminmartinez_aa2_1\00_edgardhernandezyuminmartinez_aa2_1\x64\debug\00_edgar.ceb767ab.tlog\cl.command.1.tlog
c:\users\edgar hernández\onedrive - unir\escritorio\aqui\aa2_1\00_edgardhernandezyuminmartinez_aa2_1\00_edgardhernandezyuminmartinez_aa2_1\x64\debug\00_edgar.ceb767ab.tlog\cl.items.tlog
c:\users\edgar hernández\onedrive - unir\escritorio\aqui\aa2_1\00_edgardhernandezyuminmartinez_aa2_1\00_edgardhernandezyuminmartinez_aa2_1\x64\debug\00_edgar.ceb767ab.tlog\cl.read.1.tlog
c:\users\edgar hernández\onedrive - unir\escritorio\aqui\aa2_1\00_edgardhernandezyuminmartinez_aa2_1\00_edgardhernandezyuminmartinez_aa2_1\x64\debug\00_edgar.ceb767ab.tlog\cl.write.1.tlog
c:\users\edgar hernández\onedrive - unir\escritorio\aqui\aa2_1\00_edgardhernandezyuminmartinez_aa2_1\00_edgardhernandezyuminmartinez_aa2_1\x64\debug\00_edgar.ceb767ab.tlog\link-cvtres.read.1.tlog
c:\users\edgar hernández\onedrive - unir\escritorio\aqui\aa2_1\00_edgardhernandezyuminmartinez_aa2_1\00_edgardhernandezyuminmartinez_aa2_1\x64\debug\00_edgar.ceb767ab.tlog\link-cvtres.write.1.tlog
c:\users\edgar hernández\onedrive - unir\escritorio\aqui\aa2_1\00_edgardhernandezyuminmartinez_aa2_1\00_edgardhernandezyuminmartinez_aa2_1\x64\debug\00_edgar.ceb767ab.tlog\link-rc.read.1.tlog
c:\users\edgar hernández\onedrive - unir\escritorio\aqui\aa2_1\00_edgardhernandezyuminmartinez_aa2_1\00_edgardhernandezyuminmartinez_aa2_1\x64\debug\00_edgar.ceb767ab.tlog\link-rc.write.1.tlog
c:\users\edgar hernández\onedrive - unir\escritorio\aqui\aa2_1\00_edgardhernandezyuminmartinez_aa2_1\00_edgardhernandezyuminmartinez_aa2_1\x64\debug\00_edgar.ceb767ab.tlog\link.command.1.tlog
c:\users\edgar hernández\onedrive - unir\escritorio\aqui\aa2_1\00_edgardhernandezyuminmartinez_aa2_1\00_edgardhernandezyuminmartinez_aa2_1\x64\debug\00_edgar.ceb767ab.tlog\link.read.1.tlog
c:\users\edgar hernández\onedrive - unir\escritorio\aqui\aa2_1\00_edgardhernandezyuminmartinez_aa2_1\00_edgardhernandezyuminmartinez_aa2_1\x64\debug\00_edgar.ceb767ab.tlog\link.read.2.tlog
c:\users\edgar hernández\onedrive - unir\escritorio\aqui\aa2_1\00_edgardhernandezyuminmartinez_aa2_1\00_edgardhernandezyuminmartinez_aa2_1\x64\debug\00_edgar.ceb767ab.tlog\link.read.3.tlog
c:\users\edgar hernández\onedrive - unir\escritorio\aqui\aa2_1\00_edgardhernandezyuminmartinez_aa2_1\00_edgardhernandezyuminmartinez_aa2_1\x64\debug\00_edgar.ceb767ab.tlog\link.read.4.tlog
c:\users\edgar hernández\onedrive - unir\escritorio\aqui\aa2_1\00_edgardhernandezyuminmartinez_aa2_1\00_edgardhernandezyuminmartinez_aa2_1\x64\debug\00_edgar.ceb767ab.tlog\link.secondary.1.tlog
c:\users\edgar hernández\onedrive - unir\escritorio\aqui\aa2_1\00_edgardhernandezyuminmartinez_aa2_1\00_edgardhernandezyuminmartinez_aa2_1\x64\debug\00_edgar.ceb767ab.tlog\link.write.1.tlog
